// Jest Snapshot v1, https://goo.gl/fbAQLP

exports[`MenuItem Renders 1`] = `
<View
  accessible={true}
  focusable={true}
  onClick={[Function]}
  onResponderGrant={[Function]}
  onResponderMove={[Function]}
  onResponderRelease={[Function]}
  onResponderTerminate={[Function]}
  onResponderTerminationRequest={[Function]}
  onStartShouldSetResponder={[Function]}
>
  <View
    accessible={true}
    displayUntilPressOut={true}
    focusable={true}
    onClick={[Function]}
    onLayout={[Function]}
    onMouseEnter={[Function]}
    onMouseLeave={[Function]}
    onResponderGrant={[Function]}
    onResponderMove={[Function]}
    onResponderRelease={[Function]}
    onResponderTerminate={[Function]}
    onResponderTerminationRequest={[Function]}
    onRippleAnimation={[Function]}
    onStartShouldSetResponder={[Function]}
    rippleCentered={false}
    rippleColor="rgba(0, 0, 0, .87)"
    rippleDuration={400}
    rippleFades={true}
    rippleOpacity={0.3}
    rippleSequential={false}
    rippleSize={0}
    style={
      Object {
        "alignItems": "center",
        "backgroundColor": null,
        "flexDirection": "row",
        "minHeight": 32,
        "minWidth": 124,
        "paddingHorizontal": 24,
        "paddingVertical": 12,
        "width": 324,
      }
    }
    testID="mb-ripple"
    useNativeDriver={false}
  >
    <Text
      ellipsizeMode="clip"
      numberOfLines={1}
      style={
        Array [
          Object {
            "color": "#000000",
            "fontSize": 16,
            "fontWeight": "400",
            "letterSpacing": 0.44,
            "lineHeight": 24,
          },
          Object {
            "color": "rgba(0,0,0,.87)",
            "marginLeft": 0,
          },
          undefined,
        ]
      }
    />
    <View
      pointerEvents="none"
      style={
        Array [
          Object {
            "backgroundColor": "transparent",
            "bottom": 0,
            "left": 0,
            "overflow": "hidden",
            "position": "absolute",
            "right": 0,
            "top": 0,
            "zIndex": 10,
          },
          Object {
            "borderRadius": 0,
          },
        ]
      }
    />
  </View>
</View>
`;
