// Jest Snapshot v1, https://goo.gl/fbAQLP

exports[`TextField Renders 1`] = `
<TextInput
  allowFontScaling={true}
  keyboardAppearance="light"
  onBlur={[Function]}
  onFocus={[Function]}
  placeholder="Text Field"
  placeholderTextColor="rgba(0,0,0,0.38)"
  rejectResponderTermination={true}
  style={
    Object {
      "alignItems": "center",
      "borderColor": "rgba(0,0,0,0.12)",
      "borderRadius": 8,
      "borderWidth": 0.5,
      "color": "rgba(0,0,0,0.54)",
      "fontSize": 16,
      "lineHeight": 19,
      "paddingBottom": 4,
      "paddingLeft": 8,
      "paddingRight": 8,
      "paddingTop": 4,
    }
  }
  underlineColorAndroid="transparent"
/>
`;
