// Jest Snapshot v1, https://goo.gl/fbAQLP

exports[`Ripple Renders 1`] = `
<View
  accessible={true}
  displayUntilPressOut={true}
  focusable={true}
  onClick={[Function]}
  onLayout={[Function]}
  onResponderGrant={[Function]}
  onResponderMove={[Function]}
  onResponderRelease={[Function]}
  onResponderTerminate={[Function]}
  onResponderTerminationRequest={[Function]}
  onRippleAnimation={[Function]}
  onStartShouldSetResponder={[Function]}
  rippleCentered={false}
  rippleColor="rgba(0, 0, 0, .87)"
  rippleDuration={400}
  rippleFades={true}
  rippleOpacity={0.3}
  rippleSequential={false}
  rippleSize={0}
  testID="mb-ripple"
  useNativeDriver={false}
>
  <View
    pointerEvents="none"
    style={
      Array [
        Object {
          "backgroundColor": "transparent",
          "bottom": 0,
          "left": 0,
          "overflow": "hidden",
          "position": "absolute",
          "right": 0,
          "top": 0,
          "zIndex": 10,
        },
        Object {
          "borderRadius": 0,
        },
      ]
    }
  />
</View>
`;
