// Jest Snapshot v1, https://goo.gl/fbAQLP

exports[`MenuItem Renders 1`] = `
<div
  className="css-view-1dbjc4n"
  data-focusable={true}
  data-testid="mb-ripple"
  onClick={[Function]}
  onContextMenu={[Function]}
  onKeyDown={[Function]}
  onMouseEnter={[Function]}
  onMouseLeave={[Function]}
  style={
    Object {
      "WebkitAlignItems": "center",
      "WebkitBoxAlign": "center",
      "WebkitBoxDirection": "normal",
      "WebkitBoxOrient": "horizontal",
      "WebkitFlexDirection": "row",
      "alignItems": "center",
      "flexDirection": "row",
      "minHeight": "32px",
      "minWidth": "124px",
      "msFlexAlign": "center",
      "msFlexDirection": "row",
      "paddingBottom": "12px",
      "paddingLeft": "24px",
      "paddingRight": "24px",
      "paddingTop": "12px",
      "width": "324px",
    }
  }
  tabIndex="0"
>
  <div
    className="css-text-901oao css-textOneLine-bfa6kz"
    dir="auto"
    onClick={[Function]}
    style={
      Object {
        "color": "rgba(0,0,0,0.87)",
        "fontSize": "16px",
        "fontWeight": "400",
        "letterSpacing": "0.44px",
        "lineHeight": "24px",
        "marginLeft": "0px",
      }
    }
  />
  <div
    className="css-view-1dbjc4n r-pointerEvents-633pao"
    style={
      Object {
        "backgroundColor": "rgba(0,0,0,0.00)",
        "borderBottomLeftRadius": "0px",
        "borderBottomRightRadius": "0px",
        "borderTopLeftRadius": "0px",
        "borderTopRightRadius": "0px",
        "bottom": "0px",
        "left": "0px",
        "overflowX": "hidden",
        "overflowY": "hidden",
        "position": "absolute",
        "right": "0px",
        "top": "0px",
        "zIndex": 10,
      }
    }
  />
</div>
`;
